// Jest Snapshot v1, https://goo.gl/fbAQLP

exports[`AppWrapper renders correctly 1`] = `
<DocumentFragment>
  <div
    class="c-app-wrapper u-anim--fade-in theme--dark"
    css="[object Object]"
  >
    <p>
      Dummy children
    </p>
  </div>
</DocumentFragment>
`;
