// Jest Snapshot v1, https://goo.gl/fbAQLP

exports[`Container renders correctly 1`] = `
<DocumentFragment>
  <div
    class="c-container"
    css="[object Object]"
  />
</DocumentFragment>
`;
