// Jest Snapshot v1, https://goo.gl/fbAQLP

exports[`HeaderScrollTarget renders correctly 1`] = `
<DocumentFragment>
  <div
    class="c-header-scroll"
    css="[object Object]"
  />
</DocumentFragment>
`;
